'CHMOD=chmod 0555'
'nofake.sh'
'--error'
'-Rnofake-exec.sh'
'-onofake-exec.sh'
'shell.nw'
'temporary-files-shell.nw'
'nofake-exec.nw'
'&&'
'./nofake-exec.sh'
'-Ra '"'"'b c'"'"
'nofake-exec.nw'
'--'
'cat'
