''
''
' '
' '
'  '
'  '
'\t'
'\t'
'a'
'b c'
' ${d} '
'a single quote -> '"'"' <-'
'another single quote -> '"'"' <-'
'"quoted (double)"'
"'"'quoted (single)'"'"
"'"'quoted (single, escaped)'"'"
'd·e'
'f · g'
' " '
'"'
' '"'"' '
"'"
' " '
'"'
'1'
'2'
'3'
'4'
'5'
'6'
'7'
'8'
'9'
'-'
'-'
''
''
